// Jest Snapshot v1, https://goo.gl/fbAQLP

exports[`HeaderNav renders correctly 1`] = `
<nav
  aria-expanded={false}
  className="header-nav"
  id="menuNav"
>
  <ul
    className="unstyledList header-nav-menu"
  >
    <li>
      <a
        className="header-nav-menu-item"
        href="/"
      >
        Home
      </a>
    </li>
    <li>
      <a
        className="header-nav-menu-item"
        href="/"
      >
        Search
      </a>
    </li>
    <li>
      <a
        className="header-nav-menu-item"
        href="/"
      >
        Â£8.55
      </a>
    </li>
    <li>
      <a
        className="header-nav-menu-item"
        href="/"
      >
        Simon Rohrbach
      </a>
    </li>
  </ul>
</nav>
`;
