// Jest Snapshot v1, https://goo.gl/fbAQLP

exports[`Restaurant renders correctly 1`] = `
<div>
  Restaurant
</div>
`;
