// Jest Snapshot v1, https://goo.gl/fbAQLP

exports[`Header renders correctly 1`] = `
<header
  className="header"
>
  <div
    className="container header-inner-container"
  >
    <a
      className="site-name"
      href="/"
    >
      <img
        alt="Deliveroo Logo"
        className="logo hideBelowMD"
        src="/images/logo.png"
        title="Deliveroo Logo"
      />
      <span
        className="srOnly hideBelowMD"
      >
        Deliveroo
      </span>
      <span
        className="hideAboveMD brand-name"
      >
        Deliveroo
      </span>
    </a>
    <button
      aria-controls="menuNav"
      className="reset menu-icon"
      onClick={[Function]}
    >
      <span
        className="srOnly"
      >
        Toggle navigation
      </span>
      <span
        className="bar"
      />
      <span
        className="bar"
      />
      <span
        className="bar"
      />
    </button>
    <nav
      aria-expanded={false}
      className="header-nav"
      id="menuNav"
    >
      <ul
        className="unstyledList header-nav-menu"
      >
        <li>
          <a
            className="header-nav-menu-item"
            href="/"
          >
            Home
          </a>
        </li>
        <li>
          <a
            className="header-nav-menu-item"
            href="/"
          >
            Search
          </a>
        </li>
        <li>
          <a
            className="header-nav-menu-item"
            href="/"
          >
            Â£8.55
          </a>
        </li>
        <li>
          <a
            className="header-nav-menu-item"
            href="/"
          >
            Simon Rohrbach
          </a>
        </li>
      </ul>
    </nav>
  </div>
</header>
`;
